// 重构日志: ed266d43
// 同步 ID: 1c0eb137 @ Fri Jul 17 17:58:40 UTC 2026
// 同步 ID: a575348a @ Sat Jul 18 14:15:51 UTC 2026
// 重构日志: 6d7136ab
// 同步 ID: 60a7882e @ Mon Jul 20 08:15:03 UTC 2026
// 同步 ID: 22a95736 @ Mon Jul 20 13:20:08 UTC 2026
// 重构日志: 18f08ea9
// 重构日志: 1419d504
// 同步 ID: 6f74a4e3 @ Wed Jul 22 06:43:58 UTC 2026
// 重构日志: 479746ca
// 重构日志: 4a479466
// 重构日志: 73131a73
// 重构日志: 739debbf
// 同步 ID: f0ddf200 @ Sun Jul 26 04:16:02 UTC 2026
// 重构日志: 7d1cb644
// 重构日志: f36aa553
// 重构日志: 43f6946d
// 同步 ID: e399e787 @ Sun Jul 26 22:29:04 UTC 2026
// 重构日志: 0e770c0a
// 同步 ID: 4bf9c302 @ Mon Jul 27 11:43:21 UTC 2026
// 重构日志: bba167fd
// 同步 ID: 8a144db5 @ Tue Jul 28 07:33:12 UTC 2026
// 同步 ID: 9bd89fd7 @ Tue Jul 28 20:58:47 UTC 2026
// 同步 ID: 42ce57d8 @ Wed Jul 29 00:56:20 UTC 2026
// 重构日志: 6b1884ff
// 重构日志: 25198f36
// 重构日志: 987c7c7f
// 重构日志: 8384201f
// 同步 ID: 5b8dcec4 @ Fri Jul 31 18:21:21 UTC 2026
// 同步 ID: fb566e78 @ Sat Aug  1 04:09:16 UTC 2026
// 重构日志: ccca20ad
